// Vitest Snapshot v1, https://vitest.dev/guide/snapshot.html

exports[`passwordResetEmail > should generate correct output for default data 2`] = `
"
    <!DOCTYPE html>
    <html>
    <head>
      <style>
        body { font-family: -apple-system, BlinkMacSystemFont, 'Segoe UI', Roboto, sans-serif; line-height: 1.6; color: #333; }
        .container { max-width: 600px; margin: 0 auto; padding: 20px; }
        .header { background: #2563eb; color: white; padding: 20px; text-align: center; border-radius: 8px 8px 0 0; }
        .content { background: #f9fafb; padding: 20px; border-radius: 0 0 8px 8px; }
        .button { display: inline-block; background: #2563eb; color: white; padding: 12px 24px; border-radius: 8px; text-decoration: none; margin: 15px 0; }
        .footer { text-align: center; padding: 20px; color: #666; font-size: 14px; }
      </style>
    </head>
    <body>
      <div class="container">
        <div class="header">
          <h1>Password Reset</h1>
        </div>
        <div class="content">
          <p>Hi Bob Wilson,</p>
          <p>We received a request to reset your password. Click the button below to create a new password:</p>
          <p style="text-align: center;">
            <a href="https:&#x2F;&#x2F;divestreams.com&#x2F;reset-password?token=abc123xyz789" class="button">Reset Password</a>
          </p>
          <p><small>This link will expire in 1 hour. If you didn't request this, you can ignore this email.</small></p>
        </div>
        <div class="footer">
          <p>DiveStreams</p>
        </div>
      </div>
    </body>
    </html>
  "
`;

exports[`passwordResetEmail > should generate correct output for default data 3`] = `
"
Password Reset

Hi Bob Wilson,

We received a request to reset your password. Visit the link below to create a new password:

https:&#x2F;&#x2F;divestreams.com&#x2F;reset-password?token=abc123xyz789

This link will expire in 1 hour. If you didn't request this, you can ignore this email.

DiveStreams
  "
`;
